#-----------------------------------------------------------
# Vivado v2025.2 (64-bit)
# SW Build 6299465 on Fri Nov 14 12:34:56 MST 2025
# IP Build 6300035 on Fri Nov 14 10:48:45 MST 2025
# SharedData Build 6298862 on Thu Nov 13 04:50:51 MST 2025
# Start of session at: Tue Aug 25 15:07:04 2026
# Process ID         : 4196
# Current directory  : /home/alberto/Xilinx/ZyboZ7-10/baseSystem
# Command line       : vivado
# Log file           : /home/alberto/Xilinx/ZyboZ7-10/baseSystem/vivado.log
# Journal file       : /home/alberto/Xilinx/ZyboZ7-10/baseSystem/vivado.jou
# Running On         : ThinkPadX1
# Platform           : Ubuntu
# Operating System   : Ubuntu 22.04.5 LTS
# Processor Detail   : 13th Gen Intel(R) Core(TM) i7-1370P
# CPU Frequency      : 2188.808 MHz
# CPU Physical cores : 10
# CPU Logical cores  : 20
# Host memory        : 16589 MB
# Swap memory        : 4294 MB
# Total Virtual      : 20884 MB
# Available Virtual  : 20305 MB
#-----------------------------------------------------------
start_gui
open_project /home/alberto/Xilinx/ZyboZ7-10/baseSystem/hardware/baseSystem/baseSystem.xpr
open_bd_design {/home/alberto/Xilinx/ZyboZ7-10/baseSystem/hardware/bd/design_1/design_1.bd}
startgroup
set_property CONFIG.C_GPIO_WIDTH {5} [get_bd_cells axi_gpio_2]
endgroup
update_compile_order -fileset sources_1
save_bd_design
close_bd_design [get_bd_designs design_1]
open_bd_design {/home/alberto/Xilinx/ZyboZ7-10/baseSystem/hardware/bd/design_1/design_1.bd}
startgroup
endgroup
validate_bd_design
close_bd_design [get_bd_designs design_1]
open_bd_design {/home/alberto/Xilinx/ZyboZ7-10/baseSystem/hardware/bd/design_1/design_1.bd}
validate_bd_design
save_bd_design
close_bd_design [get_bd_designs design_1]
make_wrapper -files [get_files /home/alberto/Xilinx/ZyboZ7-10/baseSystem/hardware/bd/design_1/design_1.bd] -top
reset_run synth_1
reset_run design_1_axi_gpio_2_0_synth_1
reset_run design_1_axi_smc_0_synth_1
launch_runs impl_1 -to_step write_bitstream -jobs 18
wait_on_run impl_1
open_hw_manager
close_hw_manager
write_project_tcl -help
write_project_tcl -force -paths_relative_to ./ -use_bd_files ./scripts/baseSystem.tcl
write_project_tcl -force -paths_relative_to ./ -use_bd_files ./scripts/baseSystem.tcl
write_hw_platform -fixed -include_bit -force -file /home/alberto/Xilinx/ZyboZ7-10/baseSystem/BaseSystem.xsa
